// Jest Snapshot v1, https://goo.gl/fbAQLP

exports[`modules/Header/Header.jsx should render the Header component 1`] = `
<div
  className="header"
>
  <div>
    <Square
      key="0"
      piece="wb.svg"
    />
    <Square
      key="1"
      piece="bp.svg"
    />
    <Square
      key="2"
      piece="wn.svg"
    />
    <Square
      key="3"
      piece="bq.svg"
    />
    <Square
      key="4"
      piece="wn.svg"
    />
    <Square
      key="5"
      piece="bk.svg"
    />
    <Square
      key="6"
      piece="wb.svg"
    />
    <Square
      key="7"
      piece="bp.svg"
    />
    <Square
      key="8"
      piece="wr.svg"
    />
    <Square
      key="9"
      piece="bp.svg"
    />
    <Square
      key="10"
      piece="wp.svg"
    />
    <Square
      key="11"
      piece="br.svg"
    />
    <Square
      key="12"
      piece="wb.svg"
    />
    <Square
      key="13"
      piece="bb.svg"
    />
    <Square
      key="14"
      piece="wb.svg"
    />
    <Square
      key="15"
      piece="bp.svg"
    />
  </div>
  <div
    className="header-right"
  >
    <WithStyles(ForwardRef(Button))
      className="chess-button"
      color="primary"
      onClick={[Function]}
      size="medium"
      variant="contained"
    >
      Sign Out
    </WithStyles(ForwardRef(Button))>
  </div>
  <div
    className="header-right"
  >
    <WithStyles(ForwardRef(Button))
      className="chess-button"
      color="primary"
      onClick={[Function]}
      size="medium"
      variant="contained"
    >
      Home
    </WithStyles(ForwardRef(Button))>
  </div>
</div>
`;
