// Jest Snapshot v1, https://goo.gl/fbAQLP

exports[`modules/Game/subcomponents/Board.jsx should render the Board component 1`] = `
<div
  className="tri-list"
>
  <br />
  <div
    className="board-alone"
  >
    <div
      className="board-row"
      key="0"
    >
      <Square
        key="0"
        movable={null}
        onClick={[Function]}
        piece={null}
        selected={null}
        squareColor="light"
      />
      <Square
        key="1"
        movable={null}
        onClick={[Function]}
        piece={null}
        selected={null}
        squareColor="dark"
      />
      <Square
        key="2"
        movable={null}
        onClick={[Function]}
        piece={null}
        selected={null}
        squareColor="light"
      />
      <Square
        key="3"
        movable={null}
        onClick={[Function]}
        piece={null}
        selected={null}
        squareColor="dark"
      />
      <Square
        key="4"
        movable={null}
        onClick={[Function]}
        piece={null}
        selected={null}
        squareColor="light"
      />
      <Square
        key="5"
        movable={null}
        onClick={[Function]}
        piece={null}
        selected={null}
        squareColor="dark"
      />
      <Square
        key="6"
        movable={null}
        onClick={[Function]}
        piece={null}
        selected={null}
        squareColor="light"
      />
      <Square
        key="7"
        movable={null}
        onClick={[Function]}
        piece={null}
        selected={null}
        squareColor="dark"
      />
    </div>
    <div
      className="board-row"
      key="1"
    >
      <Square
        key="8"
        movable={null}
        onClick={[Function]}
        piece={null}
        selected={null}
        squareColor="dark"
      />
      <Square
        key="9"
        movable={null}
        onClick={[Function]}
        piece={null}
        selected={null}
        squareColor="light"
      />
      <Square
        key="10"
        movable={null}
        onClick={[Function]}
        piece={null}
        selected={null}
        squareColor="dark"
      />
      <Square
        key="11"
        movable={null}
        onClick={[Function]}
        piece={null}
        selected={null}
        squareColor="light"
      />
      <Square
        key="12"
        movable={null}
        onClick={[Function]}
        piece={null}
        selected={null}
        squareColor="dark"
      />
      <Square
        key="13"
        movable={null}
        onClick={[Function]}
        piece={null}
        selected={null}
        squareColor="light"
      />
      <Square
        key="14"
        movable={null}
        onClick={[Function]}
        piece={null}
        selected={null}
        squareColor="dark"
      />
      <Square
        key="15"
        movable={null}
        onClick={[Function]}
        piece={null}
        selected={null}
        squareColor="light"
      />
    </div>
    <div
      className="board-row"
      key="2"
    >
      <Square
        key="16"
        movable={null}
        onClick={[Function]}
        piece={null}
        selected={null}
        squareColor="light"
      />
      <Square
        key="17"
        movable={null}
        onClick={[Function]}
        piece={null}
        selected={null}
        squareColor="dark"
      />
      <Square
        key="18"
        movable={null}
        onClick={[Function]}
        piece={null}
        selected={null}
        squareColor="light"
      />
      <Square
        key="19"
        movable={null}
        onClick={[Function]}
        piece={null}
        selected={null}
        squareColor="dark"
      />
      <Square
        key="20"
        movable={null}
        onClick={[Function]}
        piece={null}
        selected={null}
        squareColor="light"
      />
      <Square
        key="21"
        movable={null}
        onClick={[Function]}
        piece={null}
        selected={null}
        squareColor="dark"
      />
      <Square
        key="22"
        movable={null}
        onClick={[Function]}
        piece={null}
        selected={null}
        squareColor="light"
      />
      <Square
        key="23"
        movable={null}
        onClick={[Function]}
        piece={null}
        selected={null}
        squareColor="dark"
      />
    </div>
    <div
      className="board-row"
      key="3"
    >
      <Square
        key="24"
        movable={null}
        onClick={[Function]}
        piece={null}
        selected={null}
        squareColor="dark"
      />
      <Square
        key="25"
        movable={null}
        onClick={[Function]}
        piece={null}
        selected={null}
        squareColor="light"
      />
      <Square
        key="26"
        movable={null}
        onClick={[Function]}
        piece={null}
        selected={null}
        squareColor="dark"
      />
      <Square
        key="27"
        movable={null}
        onClick={[Function]}
        piece={null}
        selected={null}
        squareColor="light"
      />
      <Square
        key="28"
        movable={null}
        onClick={[Function]}
        piece={null}
        selected={null}
        squareColor="dark"
      />
      <Square
        key="29"
        movable={null}
        onClick={[Function]}
        piece={null}
        selected={null}
        squareColor="light"
      />
      <Square
        key="30"
        movable={null}
        onClick={[Function]}
        piece={null}
        selected={null}
        squareColor="dark"
      />
      <Square
        key="31"
        movable={null}
        onClick={[Function]}
        piece={null}
        selected={null}
        squareColor="light"
      />
    </div>
    <div
      className="board-row"
      key="4"
    >
      <Square
        key="32"
        movable={null}
        onClick={[Function]}
        piece={null}
        selected={null}
        squareColor="light"
      />
      <Square
        key="33"
        movable={null}
        onClick={[Function]}
        piece={null}
        selected={null}
        squareColor="dark"
      />
      <Square
        key="34"
        movable={null}
        onClick={[Function]}
        piece={null}
        selected={null}
        squareColor="light"
      />
      <Square
        key="35"
        movable={null}
        onClick={[Function]}
        piece={null}
        selected={null}
        squareColor="dark"
      />
      <Square
        key="36"
        movable={null}
        onClick={[Function]}
        piece={null}
        selected={null}
        squareColor="light"
      />
      <Square
        key="37"
        movable={null}
        onClick={[Function]}
        piece={null}
        selected={null}
        squareColor="dark"
      />
      <Square
        key="38"
        movable={null}
        onClick={[Function]}
        piece={null}
        selected={null}
        squareColor="light"
      />
      <Square
        key="39"
        movable={null}
        onClick={[Function]}
        piece={null}
        selected={null}
        squareColor="dark"
      />
    </div>
    <div
      className="board-row"
      key="5"
    >
      <Square
        key="40"
        movable={null}
        onClick={[Function]}
        piece={null}
        selected={null}
        squareColor="dark"
      />
      <Square
        key="41"
        movable={null}
        onClick={[Function]}
        piece={null}
        selected={null}
        squareColor="light"
      />
      <Square
        key="42"
        movable={null}
        onClick={[Function]}
        piece={null}
        selected={null}
        squareColor="dark"
      />
      <Square
        key="43"
        movable={null}
        onClick={[Function]}
        piece={null}
        selected={null}
        squareColor="light"
      />
      <Square
        key="44"
        movable={null}
        onClick={[Function]}
        piece={null}
        selected={null}
        squareColor="dark"
      />
      <Square
        key="45"
        movable={null}
        onClick={[Function]}
        piece={null}
        selected={null}
        squareColor="light"
      />
      <Square
        key="46"
        movable={null}
        onClick={[Function]}
        piece={null}
        selected={null}
        squareColor="dark"
      />
      <Square
        key="47"
        movable={null}
        onClick={[Function]}
        piece={null}
        selected={null}
        squareColor="light"
      />
    </div>
    <div
      className="board-row"
      key="6"
    >
      <Square
        key="48"
        movable={null}
        onClick={[Function]}
        piece={null}
        selected={null}
        squareColor="light"
      />
      <Square
        key="49"
        movable={null}
        onClick={[Function]}
        piece={null}
        selected={null}
        squareColor="dark"
      />
      <Square
        key="50"
        movable={null}
        onClick={[Function]}
        piece={null}
        selected={null}
        squareColor="light"
      />
      <Square
        key="51"
        movable={null}
        onClick={[Function]}
        piece={null}
        selected={null}
        squareColor="dark"
      />
      <Square
        key="52"
        movable={null}
        onClick={[Function]}
        piece={null}
        selected={null}
        squareColor="light"
      />
      <Square
        key="53"
        movable={null}
        onClick={[Function]}
        piece={null}
        selected={null}
        squareColor="dark"
      />
      <Square
        key="54"
        movable={null}
        onClick={[Function]}
        piece={null}
        selected={null}
        squareColor="light"
      />
      <Square
        key="55"
        movable={null}
        onClick={[Function]}
        piece={null}
        selected={null}
        squareColor="dark"
      />
    </div>
    <div
      className="board-row"
      key="7"
    >
      <Square
        key="56"
        movable={null}
        onClick={[Function]}
        piece={null}
        selected={null}
        squareColor="dark"
      />
      <Square
        key="57"
        movable={null}
        onClick={[Function]}
        piece={null}
        selected={null}
        squareColor="light"
      />
      <Square
        key="58"
        movable={null}
        onClick={[Function]}
        piece={null}
        selected={null}
        squareColor="dark"
      />
      <Square
        key="59"
        movable={null}
        onClick={[Function]}
        piece={null}
        selected={null}
        squareColor="light"
      />
      <Square
        key="60"
        movable={null}
        onClick={[Function]}
        piece={null}
        selected={null}
        squareColor="dark"
      />
      <Square
        key="61"
        movable={null}
        onClick={[Function]}
        piece={null}
        selected={null}
        squareColor="light"
      />
      <Square
        key="62"
        movable={null}
        onClick={[Function]}
        piece={null}
        selected={null}
        squareColor="dark"
      />
      <Square
        key="63"
        movable={null}
        onClick={[Function]}
        piece={null}
        selected={null}
        squareColor="light"
      />
    </div>
  </div>
  <br />
</div>
`;
